// Jest Snapshot v1, https://goo.gl/fbAQLP

exports[`AboutSectionPage should match snapshot for graphql query 1`] = `
"
	query ($id: String) {
		currentAboutPage: bnfAboutSection(id: { eq: $id }) {
			title
			sections {
				...RecordSection
			}
		}
	}
"
`;

exports[`AboutSectionPage should match snapshot for page contents 1`] = `
<main>
  <div
    class="container"
  >
    <nav
      aria-label="Breadcrumbs"
      role="navigation"
    >
      <ol
        class="breadcrumbs"
      >
        <li
          class="breadcrumbs__crumb"
        >
          <a
            href="https://www.nice.org.uk/"
          >
            NICE
          </a>
        </li>
        <li
          class="breadcrumbs__crumb"
        >
          <a
            href="/"
          >
            BNF
          </a>
        </li>
        <li
          class="breadcrumbs__crumb"
        >
          <a
            href="/about/"
          >
            About
          </a>
        </li>
        <li
          class="breadcrumbs__crumb"
        >
          <span>
            Changes
          </span>
        </li>
      </ol>
    </nav>
    <script
      type="application/ld+json"
    >
      {
  "@context": "http://schema.org",
  "@type": "BreadcrumbList",
  "itemListElement": [
    {
      "@type": "ListItem",
      "position": 1,
      "item": {
        "@id": "https://www.nice.org.uk/",
        "name": "NICE"
      }
    },
    {
      "@type": "ListItem",
      "position": 2,
      "item": {
        "@id": "/",
        "name": "BNF"
      }
    },
    {
      "@type": "ListItem",
      "position": 3,
      "item": {
        "@id": "/about/",
        "name": "About"
      }
    },
    {
      "@type": "ListItem",
      "position": 4,
      "item": {
        "name": "Changes"
      }
    }
  ]
}
    </script>
    <div
      class="page-header"
      id="content-start"
    >
      <h1
        class="page-header__heading"
      >
        <span>
          Changes
        </span>
      </h1>
    </div>
    <div
      class="grid grid--loose"
      data-testid="body"
    >
      <div
        data-g="12 md:4 lg:3"
      >
        <nav
          aria-label="About section pages"
          class="stacked-nav"
        >
          <p
            class="stacked-nav__root"
          >
            <a
              aria-current="false"
              href="/about/"
            >
              About
            </a>
          </p>
          <ul
            class="stacked-nav__list"
          >
            <li
              class="stacked-nav__list-item"
            >
              <a
                aria-current="true"
                href="/about/changes/"
              >
                <span
                  class="stacked-nav__content-wrapper"
                >
                  <span>
                    Changes
                  </span>
                </span>
              </a>
            </li>
            <li
              class="stacked-nav__list-item"
            >
              <a
                aria-current="false"
                href="/about/publication-information/"
              >
                <span
                  class="stacked-nav__content-wrapper"
                >
                  <span>
                    Publication 
                    <i>
                      information
                    </i>
                  </span>
                </span>
              </a>
            </li>
            <li
              class="stacked-nav__list-item"
            >
              <a
                aria-current="false"
                href="/about/labels/"
              >
                <span
                  class="stacked-nav__content-wrapper"
                >
                  <span>
                    Labels
                  </span>
                </span>
              </a>
            </li>
            <li
              class="stacked-nav__list-item"
            >
              <a
                aria-current="false"
                href="/about/guidance-for-cautionary-and-advisory-labels/"
              >
                <span
                  class="stacked-nav__content-wrapper"
                >
                  <span>
                    Guidance for cautionary and advisory labels
                  </span>
                </span>
              </a>
            </li>
          </ul>
        </nav>
      </div>
      <div
        data-g="12 md:8 lg:9"
      >
        <div
          class="grid grid--rev grid--loose"
        >
          <div
            data-g="12 lg:3"
          >
            <nav
              aria-labelledby="on-this-page"
            >
              <h2
                class="h4"
                id="on-this-page"
              >
                On this page
              </h2>
              <ol
                aria-label="Jump links to sections on this page"
              >
                <li>
                  TODO
                </li>
              </ol>
            </nav>
          </div>
          <div
            data-g="12 lg:9"
          >
            <section
              aria-labelledby="introduction"
            >
              <h2
                class="firstHeading"
                id="introduction"
              >
                Introduction
              </h2>
              <div>
                <p>
                  Monthly updates are provided online via Medicines Complete and the NHS Evidence portal. The changes listed below are cumulative (from one print edition to the next).
                </p>
              </div>
            </section>
            <section
              aria-labelledby="significant-changes"
            >
              <h2
                id="significant-changes"
              >
                Significant changes
              </h2>
              <div>
                <p>
                  Significant changes made since the release of data for the print edition of BNF 82 (September 2021 — March 2022):
                </p>
              </div>
            </section>
          </div>
        </div>
      </div>
    </div>
  </div>
</main>
`;
