// Jest Snapshot v1, https://goo.gl/fbAQLP

exports[`SEO should set default title and description when none provided 1`] = `
<head>
  <title>
    BNF (British National Formulary) | NICE
  </title>
  <link
    data-react-helmet="true"
    href="/favicon.ico"
    rel="icon"
  />
  <link
    data-react-helmet="true"
    href="https://bnf.nice.org.uk/test/"
    rel="canonical"
  />
  <meta
    content="Online access to the BNF (British National Formulary) content within the UK, provided by NICE"
    data-react-helmet="true"
    name="description"
  />
  <meta
    content="Online access to the BNF (British National Formulary) content within the UK, provided by NICE"
    data-react-helmet="true"
    property="og:description"
  />
  <meta
    content="https://bnf.nice.org.uk/test/"
    data-react-helmet="true"
    property="og:url"
  />
  <meta
    content="en_GB"
    data-react-helmet="true"
    property="og:locale"
  />
  <meta
    content="website"
    data-react-helmet="true"
    property="og:type"
  />
  <meta
    content="BNF content published by NICE"
    data-react-helmet="true"
    property="og:title"
  />
  <meta
    content="summary_large_image"
    data-react-helmet="true"
    name="twitter:card"
  />
  <meta
    content="@NICEcomms"
    data-react-helmet="true"
    name="twitter:site"
  />
  <meta
    content="@NICEcomms"
    data-react-helmet="true"
    name="twitter:creator"
  />
  <meta
    content="#93da49"
    data-react-helmet="true"
    name="theme-color"
  />
</head>
`;
