// Jest Snapshot v1, https://goo.gl/fbAQLP

exports[`IndicationsAndDoseContent should match snapshot 1`] = `
<section
  aria-labelledby="diazepam-indications-and-dose"
>
  <h3
    class="visually-hidden"
    id="diazepam-indications-and-dose"
  >
    For
     
    diazepam
  </h3>
  <section
    aria-labelledby="diazepam-indication-1"
    class="indicationWrapper"
  >
    <h4
      id="diazepam-indication-1"
    >
      <span
        class="indication"
        data-sct-indication="197480006"
        data-sct-therapeutic-intent="262202000"
      >
        Severe acute anxiety, 
      </span>
      <span
        class="indication"
      >
        Control of acute panic attacks
      </span>
      <span
        class="visually-hidden"
      >
         for 
        diazepam
      </span>
    </h4>
    <section>
      <h5
        class="routeOfAdministration"
      >
        By mouth
      </h5>
      <dl>
        <div
          class="patientGroupDose child"
        >
          <dt
            class="patientGroup"
          >
            Child 1–11 months
          </dt>
          <dd
            class="doseStatement"
          >
            Initially 250 micrograms/kg twice daily.
          </dd>
        </div>
        <div
          class="patientGroupDose child"
        >
          <dt
            class="patientGroup"
          >
            Child 1–4 years
          </dt>
          <dd
            class="doseStatement"
          >
            Initially 2.5 mg twice daily.
          </dd>
        </div>
      </dl>
    </section>
    <section>
      <h5
        class="routeOfAdministration"
      >
        By intramuscular injection, or by slow intravenous injection
      </h5>
      <dl>
        <div
          class="patientGroupDose adult"
        >
          <dt
            class="patientGroup"
          >
            Adult
          </dt>
          <dd
            class="doseStatement"
          >
            10 mg, then 10 mg after at least 4 hours if required, intravenous injection to be administered into a large vein, at a rate of 
            <em>
              not
            </em>
             more than 5 mg/minute.
          </dd>
        </div>
      </dl>
    </section>
  </section>
</section>
`;
