// Jest Snapshot v1, https://goo.gl/fbAQLP

exports[`NursePrescribersFormularyApprovedListPage should match snapshot for graphql query 1`] = `
"
	query {
		bnfNursePrescribersFormularyIntroduction {
			title
			slug
			sections {
				...RecordSection
			}
		}
	}
"
`;

exports[`NursePrescribersFormularyApprovedListPage should match snapshot for page contents 1`] = `
<div>
  <nav
    aria-label="Breadcrumbs"
    role="navigation"
  >
    <ol
      class="breadcrumbs"
    >
      <li
        class="breadcrumbs__crumb"
      >
        <a
          href="https://www.nice.org.uk/"
        >
          NICE
        </a>
      </li>
      <li
        class="breadcrumbs__crumb"
      >
        <a
          href="/"
        >
          BNF
        </a>
      </li>
      <li
        class="breadcrumbs__crumb"
      >
        <a
          href="/nurse-prescribers-formulary/"
        >
          Nurse Prescribers' Formulary
        </a>
      </li>
      <li
        class="breadcrumbs__crumb"
      >
        <span>
          Approved list for prescribing by Community Practitioner Nurse Prescribers (NPF)
        </span>
      </li>
    </ol>
  </nav>
  <script
    type="application/ld+json"
  >
    {
  "@context": "http://schema.org",
  "@type": "BreadcrumbList",
  "itemListElement": [
    {
      "@type": "ListItem",
      "position": 1,
      "item": {
        "@id": "https://www.nice.org.uk/",
        "name": "NICE"
      }
    },
    {
      "@type": "ListItem",
      "position": 2,
      "item": {
        "@id": "/",
        "name": "BNF"
      }
    },
    {
      "@type": "ListItem",
      "position": 3,
      "item": {
        "@id": "/nurse-prescribers-formulary/",
        "name": "Nurse Prescribers' Formulary"
      }
    },
    {
      "@type": "ListItem",
      "position": 4,
      "item": {
        "name": "Approved list for prescribing by Community Practitioner Nurse Prescribers (NPF)"
      }
    }
  ]
}
  </script>
  <div
    class="page-header"
    id="content-start"
  >
    <h1
      class="page-header__heading"
    >
      <span>
        Approved list for prescribing by Community Practitioner Nurse Prescribers (NPF)
      </span>
    </h1>
  </div>
  <div
    class="grid grid--loose"
    data-testid="body"
  >
    <div
      class="hide-print"
      data-g="12 md:4 lg:3"
    >
       
      <button
        aria-expanded="false"
        aria-label="Expand menu for Nurse Prescribers' Formulary pages"
        class="toggleButton"
        type="button"
      >
        Approved list for prescribing by Community Practitioner Nurse Prescribers (NPF)
         
        <svg
          aria-hidden="true"
          class="icon"
          fill="none"
          focusable="false"
          height="1em"
          viewBox="0 0 512 512"
          width="1em"
          xmlns="http://www.w3.org/2000/svg"
        >
          <path
            d="M478.152 174c0 10.091-3.525 18.661-10.576 25.712l-186 186c-7.243 7.243-15.909 10.864-26 10.864-10.283 0-18.853-3.621-25.712-10.864l-186-186C36.621 192.853 33 184.283 33 174c0-10.091 3.621-18.757 10.864-26L65 126.576C72.424 119.525 81.09 116 91 116c10.091 0 18.661 3.525 25.712 10.576L255.576 265.44 394.44 126.576c7.051-7.051 15.621-10.576 25.712-10.576 9.909 0 18.576 3.525 26 10.576L467.576 148c7.051 7.424 10.576 16.091 10.576 26z"
            fill="currentColor"
          />
        </svg>
      </button>
      <nav
        aria-label="Nurse Prescribers' Formulary pages"
        class="stacked-nav"
        id="collapsible-menu"
      >
        <p
          class="stacked-nav__root"
        >
          <a
            aria-current="false"
            href="/nurse-prescribers-formulary/"
          >
            Nurse Prescribers' Formulary
          </a>
        </p>
        <ul
          class="stacked-nav__list"
        >
          <li
            class="stacked-nav__list-item"
          >
            <a
              aria-current="false"
              href="/nurse-prescribers-formulary/analgesics/"
            >
              <span
                class="stacked-nav__content-wrapper"
              >
                <span>
                  Analgesics
                </span>
              </span>
            </a>
          </li>
          <li
            class="stacked-nav__list-item"
          >
            <a
              aria-current="false"
              href="/nurse-prescribers-formulary/appliances-and-reagents-for-diabetes/"
            >
              <span
                class="stacked-nav__content-wrapper"
              >
                <span>
                  Appliances and reagents for diabetes
                </span>
              </span>
            </a>
          </li>
          <li
            class="stacked-nav__list-item"
          >
            <a
              aria-current="false"
              href="/nurse-prescribers-formulary/general-guidance/"
            >
              <span
                class="stacked-nav__content-wrapper"
              >
                <span>
                  General guidance
                </span>
              </span>
            </a>
          </li>
          <li
            class="stacked-nav__list-item"
          >
            <a
              aria-current="true"
              href="/nurse-prescribers-formulary/approved-list-for-prescribing-by-community-practitioner-nurse-prescribers-npf/"
            >
              <span
                class="stacked-nav__content-wrapper"
              >
                <span>
                  Approved list for prescribing by Community Practitioner Nurse Prescribers (NPF)
                </span>
              </span>
            </a>
          </li>
        </ul>
      </nav>
    </div>
    <div
      data-g="12 md:8 lg:9"
    >
      <div
        class="grid grid--rev grid--loose"
      >
        <div
          data-g="12 lg:3"
        />
        <div
          class="body"
          data-g="12 lg:9"
        >
          <nav
            aria-labelledby="navigate-to-section"
            class="nav stuck sectionNav"
          >
            <div
              class="fixed"
            >
              <div
                class="container"
              >
                <h2
                  class="heading"
                  id="navigate-to-section"
                >
                  <button
                    aria-expanded="false"
                    aria-label="Show Navigate to section"
                    class="toggleButton"
                    data-tracking="false"
                    type="button"
                  >
                    <svg
                      aria-hidden="true"
                      class="icon"
                      fill="none"
                      focusable="false"
                      height="1em"
                      viewBox="0 0 512 512"
                      width="1em"
                      xmlns="http://www.w3.org/2000/svg"
                    >
                      <path
                        d="M478.152 174c0 10.091-3.525 18.661-10.576 25.712l-186 186c-7.243 7.243-15.909 10.864-26 10.864-10.283 0-18.853-3.621-25.712-10.864l-186-186C36.621 192.853 33 184.283 33 174c0-10.091 3.621-18.757 10.864-26L65 126.576C72.424 119.525 81.09 116 91 116c10.091 0 18.661 3.525 25.712 10.576L255.576 265.44 394.44 126.576c7.051-7.051 15.621-10.576 25.712-10.576 9.909 0 18.576 3.525 26 10.576L467.576 148c7.051 7.424 10.576 16.091 10.576 26z"
                        fill="currentColor"
                      />
                    </svg>
                    Navigate to section
                  </button>
                </h2>
              </div>
            </div>
          </nav>
          <section
            aria-labelledby="intro-1"
          >
            <h2
              class="firstHeading"
              id="intro-1"
            >
              Intro 1
            </h2>
            <div>
              <p>
                Approved list content
              </p>
            </div>
          </section>
          <section
            aria-labelledby="intro-2"
          >
            <h2
              id="intro-2"
            >
              Intro 2
            </h2>
            <div>
              <p>
                Approved list content 2
              </p>
            </div>
          </section>
        </div>
      </div>
    </div>
  </div>
</div>
`;
