// Jest Snapshot v1, https://goo.gl/fbAQLP

exports[`BorderlineSubstancesSectionPage should match snapshot for graphql query 1`] = `
"
	query ($id: String) {
		bnfBorderlineSubstancesTaxonomy(id: { eq: $id }) {
			slug
			title
			rootTaxonomy {
				slug
				title
				childTaxonomies {
					title
					childTaxonomies {
						title
						slug
					}
					slug
				}
			}
			substances {
				title
				introductionNote
				id
				presentations {
					...FullPresentation
				}
			}
			childTaxonomies {
				title
				substances {
					title
					introductionNote
					id
					presentations {
						...FullPresentation
					}
				}
				childTaxonomies {
					title
					substances {
						title
						introductionNote
						id
						presentations {
							...FullPresentation
						}
					}
				}
			}
		}
	}
"
`;
