// Jest Snapshot v1, https://goo.gl/fbAQLP

exports[`DrugPage should match snapshot for graphql query 1`] = `
"
	query ($id: String) {
		bnfDrug(id: { eq: $id }) {
			title
			slug
			interactant {
				title
				slug
			}
			constituentDrugs {
				message
				constituents {
					title
					slug
				}
			}
			allergyAndCrossSensitivity {
				...SimplePot
			}
			breastFeeding {
				...SimplePot
			}
			conceptionAndContraception {
				...SimplePot
			}
			contraIndications {
				...SimplePot
			}
			cautions {
				...SimplePot
			}
			directionsForAdministration {
				...SimplePot
			}
			drugAction {
				...SimplePot
			}
			effectOnLaboratoryTests {
				...SimplePot
			}
			exceptionsToLegalCategory {
				...SimplePot
			}
			handlingAndStorage {
				...SimplePot
			}
			hepaticImpairment {
				...SimplePot
			}
			importantSafetyInformation {
				...SimplePot
			}
			indicationsAndDose {
				potName
				slug
				drugClassContent {
					...IndicationsAndDoseContent
				}
				drugContent {
					...IndicationsAndDoseContent
				}
				prepContent {
					...IndicationsAndDoseContent
				}
			}
			lessSuitableForPrescribing {
				...SimplePot
			}
			medicinalForms {
				initialStatement
				specialOrderManufacturersStatement
				medicinalForms {
					form
					slug
				}
			}
			monitoringRequirements {
				potName
				slug
				drugClassContent {
					contentFor
					monitoringOfPatientParameters
					patientMonitoringProgrammes
					therapeuticDrugMonitoring
				}
				drugContent {
					contentFor
					monitoringOfPatientParameters
					patientMonitoringProgrammes
					therapeuticDrugMonitoring
				}
				prepContent {
					contentFor
					monitoringOfPatientParameters
					patientMonitoringProgrammes
					therapeuticDrugMonitoring
				}
			}
			nationalFunding {
				potName
				slug
				drugClassContent {
					...NationalFundingContent
				}
				drugContent {
					...NationalFundingContent
				}
				prepContent {
					...NationalFundingContent
				}
			}
			palliativeCare {
				...SimplePot
			}
			patientAndCarerAdvice {
				...SimplePot
			}
			preTreatmentScreening {
				...SimplePot
			}
			pregnancy {
				...SimplePot
			}
			prescribingAndDispensingInformation {
				...SimplePot
			}
			professionSpecificInformation {
				...SimplePot
			}
			renalImpairment {
				...SimplePot
			}
			sideEffects {
				...SimplePot
			}
			treatmentCessation {
				...SimplePot
			}
			unlicensedUse {
				...SimplePot
			}
		}
	}
"
`;
