// Jest Snapshot v1, https://goo.gl/fbAQLP

exports[`Constituents should match snapshot 1`] = `
<section
  aria-labelledby="constituent-drugs"
  class="section"
>
  <h2
    id="constituent-drugs"
  >
    Constituent drugs
  </h2>
  <p>
    The properties listed 
    <em>
      below
    </em>
     are those particular to the combination only
  </p>
  <ul
    aria-labelledby="constituent-drugs"
  >
    <li>
      <a
        href="/drugs/bimatoprost/"
      >
        bimatoprost
      </a>
    </li>
    <li>
      <a
        href="/drugs/timolol-maleate/"
      >
        <em>
          timolol
        </em>
         maleate
      </a>
    </li>
  </ul>
</section>
`;
