// Jest Snapshot v1, https://goo.gl/fbAQLP

exports[`MedicinesGuidancePage should match snapshot for graphql query 1`] = `
"
	query ($id: String) {
		currentGuidancePage: bnfGuidance(id: { eq: $id }) {
			slug
			title
			sections {
				...RecordSection
			}
		}
	}
"
`;

exports[`MedicinesGuidancePage should match snapshot for page contents 1`] = `
<div>
  <nav
    aria-label="Breadcrumbs"
    data-component="breadcrumbs"
    role="navigation"
  >
    <ol
      class="breadcrumbs"
    >
      <li
        class="breadcrumbs__crumb"
      >
        <a
          href="https://www.nice.org.uk/"
        >
          NICE
        </a>
      </li>
      <li
        class="breadcrumbs__crumb"
      >
        <a
          href="/"
        >
          BNF
        </a>
      </li>
      <li
        class="breadcrumbs__crumb"
      >
        <a
          href="/medicines-guidance/"
        >
          Medicines guidance
        </a>
      </li>
      <li
        class="breadcrumbs__crumb"
      >
        <span>
          Guidance on prescribing
        </span>
      </li>
    </ol>
  </nav>
  <script
    type="application/ld+json"
  >
    {
  "@context": "http://schema.org",
  "@type": "BreadcrumbList",
  "itemListElement": [
    {
      "@type": "ListItem",
      "position": 1,
      "item": {
        "@id": "https://www.nice.org.uk/",
        "name": "NICE"
      }
    },
    {
      "@type": "ListItem",
      "position": 2,
      "item": {
        "@id": "/",
        "name": "BNF"
      }
    },
    {
      "@type": "ListItem",
      "position": 3,
      "item": {
        "@id": "/medicines-guidance/",
        "name": "Medicines guidance"
      }
    },
    {
      "@type": "ListItem",
      "position": 4,
      "item": {
        "name": "Guidance on prescribing"
      }
    }
  ]
}
  </script>
  <div
    class="page-header"
    id="content-start"
  >
    <h1
      class="page-header__heading "
    >
      <span>
        Guidance on prescribing
      </span>
    </h1>
  </div>
  <div
    class="grid grid--loose"
    data-testid="body"
  >
    <div
      class="hide-print"
      data-g="12 md:4 lg:3"
    >
       
      <button
        aria-expanded="false"
        aria-label="Expand menu for medicines guidance pages"
        class="toggleButton"
        type="button"
      >
        <span>
          Guidance on prescribing
        </span>
        <svg
          aria-hidden="true"
          class="icon"
          fill="none"
          focusable="false"
          height="1em"
          viewBox="0 0 512 512"
          width="1em"
          xmlns="http://www.w3.org/2000/svg"
        >
          <path
            d="M478.152 174c0 10.091-3.525 18.661-10.576 25.712l-186 186c-7.243 7.243-15.909 10.864-26 10.864-10.283 0-18.853-3.621-25.712-10.864l-186-186C36.621 192.853 33 184.283 33 174c0-10.091 3.621-18.757 10.864-26L65 126.576C72.424 119.525 81.09 116 91 116c10.091 0 18.661 3.525 25.712 10.576L255.576 265.44 394.44 126.576c7.051-7.051 15.621-10.576 25.712-10.576 9.909 0 18.576 3.525 26 10.576L467.576 148c7.051 7.424 10.576 16.091 10.576 26Z"
            fill="currentColor"
          />
        </svg>
      </button>
      <nav
        aria-label="Medicines guidance pages"
        class="stacked-nav"
        data-component="stacked-nav"
        id="collapsible-menu"
      >
        <p
          class="stacked-nav__root"
        >
          <a
            aria-current="false"
            href="/medicines-guidance/"
          >
            Medicines guidance
          </a>
        </p>
        <ul
          class="stacked-nav__list"
        >
          <li
            class="stacked-nav__list-item"
          >
            <a
              aria-current="true"
              href="/medicines-guidance/guidance-on-prescribing/"
            >
              <span
                class="stacked-nav__content-wrapper"
              >
                <span>
                  Guidance on prescribing
                </span>
              </span>
            </a>
          </li>
          <li
            class="stacked-nav__list-item"
          >
            <a
              aria-current="false"
              href="/medicines-guidance/prescription-writing/"
            >
              <span
                class="stacked-nav__content-wrapper"
              >
                <span>
                  Prescription writing
                </span>
              </span>
            </a>
          </li>
        </ul>
      </nav>
    </div>
    <div
      data-g="12 md:8 lg:9"
    >
      <div
        class="grid grid--rev grid--loose"
      >
        <div
          data-g="12 lg:3"
        >
          <nav
            aria-labelledby="on-this-page"
            class="wrapper"
          >
            <h2
              class="heading"
              id="on-this-page"
            >
              On this page
            </h2>
            <ol
              aria-label="Jump links to sections on this page"
              class="list"
            >
              <li>
                <a
                  class=""
                  href="#general-guidance"
                >
                  General guidance
                </a>
              </li>
              <li>
                <a
                  class="activeHeading"
                  href="#biological-medicines"
                >
                  Biological medicines
                </a>
              </li>
            </ol>
          </nav>
        </div>
        <div
          class="body"
          data-g="12 lg:9"
        >
          <section
            aria-labelledby="general-guidance"
          >
            <h2
              class="firstHeading"
              id="general-guidance"
            >
              General guidance
            </h2>
            <div>
              <p>
                Medicines should be prescribed only when they are necessary
              </p>
            </div>
          </section>
          <section
            aria-labelledby="biological-medicines"
          >
            <h2
              id="biological-medicines"
            >
              Biological medicines
            </h2>
            <div>
              <p>
                <b>
                  Biological medicines
                </b>
                 are medicines that are made by or derived from a biological source
              </p>
            </div>
          </section>
        </div>
      </div>
    </div>
  </div>
</div>
`;
