// Jest Snapshot v1, https://goo.gl/fbAQLP

exports[`TreatmentSummariesIndexPage should match snapshot for page body 1`] = `
<div>
  <nav
    aria-label="Breadcrumbs"
    role="navigation"
  >
    <ol
      class="breadcrumbs"
    >
      <li
        class="breadcrumbs__crumb"
      >
        <a
          href="https://www.nice.org.uk/"
        >
          NICE
        </a>
      </li>
      <li
        class="breadcrumbs__crumb"
      >
        <a
          href="/"
        >
          BNF
        </a>
      </li>
      <li
        class="breadcrumbs__crumb"
      >
        <span>
          Treatment summaries A to Z
        </span>
      </li>
    </ol>
  </nav>
  <script
    type="application/ld+json"
  >
    {
  "@context": "http://schema.org",
  "@type": "BreadcrumbList",
  "itemListElement": [
    {
      "@type": "ListItem",
      "position": 1,
      "item": {
        "@id": "https://www.nice.org.uk/",
        "name": "NICE"
      }
    },
    {
      "@type": "ListItem",
      "position": 2,
      "item": {
        "@id": "/",
        "name": "BNF"
      }
    },
    {
      "@type": "ListItem",
      "position": 3,
      "item": {
        "name": "Treatment summaries A to Z"
      }
    }
  ]
}
  </script>
  <div
    class="page-header"
    id="content-start"
  >
    <h1
      class="page-header__heading"
    >
      Treatment summaries
       A to Z
    </h1>
    <p
      class="page-header__lead"
    >
      Browse treatment summaries by A to Z. Treatment summaries cover drug use related to a particular body system, drug management or treatment of common conditions, and comparisons between groups of drugs.
    </p>
  </div>
  <ol
    class="alphabet  "
    id="a-to-z"
  >
    <li
      class="alphabet__letter "
    >
      <a
        href="#a"
      >
        A
      </a>
    </li>
    <li
      class="alphabet__letter "
    >
      <a
        href="#b"
      >
        B
      </a>
    </li>
  </ol>
  <ol
    class="a-z-list "
  >
    <li
      class="a-z-list__item "
    >
      <h2
        class="a-z-list__item-heading"
        id="a"
      >
        A
      </h2>
      <ol
        aria-labelledby="a"
        class="column-list column-list--boxed"
        data-tracking="a-to-z-column-list"
      >
        <li>
          <a
            href="/treatment-summaries/acne/"
          >
            Acne
          </a>
        </li>
        <li>
          <a
            href="/treatment-summaries/acute-coronary-syndromes/"
          >
            Acute coronary syndromes
          </a>
        </li>
      </ol>
    </li>
    <li
      class="a-z-list__item "
    >
      <h2
        class="a-z-list__item-heading"
        id="b"
      >
        B
      </h2>
      <ol
        aria-labelledby="b"
        class="column-list column-list--boxed"
        data-tracking="a-to-z-column-list"
      >
        <li>
          <a
            href="/treatment-summaries/bacillus-calmette-guerin-vaccine/"
          >
            Bacillus Calmette-Guérin vaccine
          </a>
        </li>
        <li>
          <a
            href="/treatment-summaries/beta-adrenoceptor-blocking-drugs/"
          >
            Beta-adrenoceptor blocking drugs
          </a>
        </li>
      </ol>
    </li>
  </ol>
</div>
`;
