// Jest Snapshot v1, https://goo.gl/fbAQLP

exports[`Wound management taxonomy page should match page snapshot 1`] = `
<div>
  <nav
    aria-label="Breadcrumbs"
    role="navigation"
  >
    <ol
      class="breadcrumbs"
    >
      <li
        class="breadcrumbs__crumb"
      >
        <a
          href="https://www.nice.org.uk/"
        >
          NICE
        </a>
      </li>
      <li
        class="breadcrumbs__crumb"
      >
        <a
          href="/"
        >
          BNF
        </a>
      </li>
      <li
        class="breadcrumbs__crumb"
      >
        <a
          href="/wound-management/"
        >
          Wound management products and elasticated garments
        </a>
      </li>
      <li
        class="breadcrumbs__crumb"
      >
        <span>
          Advanced wound dressings
        </span>
      </li>
    </ol>
  </nav>
  <script
    type="application/ld+json"
  >
    {
  "@context": "http://schema.org",
  "@type": "BreadcrumbList",
  "itemListElement": [
    {
      "@type": "ListItem",
      "position": 1,
      "item": {
        "@id": "https://www.nice.org.uk/",
        "name": "NICE"
      }
    },
    {
      "@type": "ListItem",
      "position": 2,
      "item": {
        "@id": "/",
        "name": "BNF"
      }
    },
    {
      "@type": "ListItem",
      "position": 3,
      "item": {
        "@id": "/wound-management/",
        "name": "Wound management products and elasticated garments"
      }
    },
    {
      "@type": "ListItem",
      "position": 4,
      "item": {
        "name": "Advanced wound dressings"
      }
    }
  ]
}
  </script>
  <div
    class="page-header"
    id="content-start"
  >
    <h1
      class="page-header__heading"
    >
      <span>
        Advanced wound dressings
      </span>
    </h1>
  </div>
  <div
    class="grid grid--loose"
    data-testid="body"
  >
    <div
      class="hide-print"
      data-g="12 md:4 lg:3"
    >
       
      <button
        aria-expanded="false"
        aria-label="Expand menu for wound management products pages"
        class="toggleButton"
        type="button"
      >
        <span>
          Wound management products
        </span>
         
        <svg
          aria-hidden="true"
          class="icon"
          fill="none"
          focusable="false"
          height="1em"
          viewBox="0 0 512 512"
          width="1em"
          xmlns="http://www.w3.org/2000/svg"
        >
          <path
            d="M478.152 174c0 10.091-3.525 18.661-10.576 25.712l-186 186c-7.243 7.243-15.909 10.864-26 10.864-10.283 0-18.853-3.621-25.712-10.864l-186-186C36.621 192.853 33 184.283 33 174c0-10.091 3.621-18.757 10.864-26L65 126.576C72.424 119.525 81.09 116 91 116c10.091 0 18.661 3.525 25.712 10.576L255.576 265.44 394.44 126.576c7.051-7.051 15.621-10.576 25.712-10.576 9.909 0 18.576 3.525 26 10.576L467.576 148c7.051 7.424 10.576 16.091 10.576 26z"
            fill="currentColor"
          />
        </svg>
      </button>
      <nav
        aria-label="Wound management products pages"
        class="stacked-nav"
        id="collapsible-menu"
      >
        <p
          class="stacked-nav__root"
        >
          <a
            aria-current="false"
            href="/wound-management/"
          >
            Wound management products
          </a>
        </p>
        <ul
          class="stacked-nav__list"
        >
          <li
            class="stacked-nav__list-item"
          >
            <a
              aria-current="false"
              href="/wound-management/basic-wound-contact-dressings/"
            >
              <span
                class="stacked-nav__content-wrapper"
              >
                <span>
                  Basic wound contact dressings
                </span>
              </span>
            </a>
          </li>
          <li
            class="stacked-nav__list-item"
          >
            <a
              aria-current="false"
              href="/wound-management/advanced-wound-dressings/"
            >
              <span
                class="stacked-nav__content-wrapper"
              >
                <span>
                  Advanced wound dressings
                </span>
              </span>
            </a>
          </li>
        </ul>
      </nav>
    </div>
    <div
      data-g="12 md:8 lg:9"
    >
      <nav
        aria-labelledby="navigate-to-section"
        class="nav"
      >
        <h2
          class="heading"
          id="navigate-to-section"
        >
          Navigate to section
        </h2>
        <ol
          aria-label="Jump links to sections on this page"
          class="linkList"
        >
          <li>
            <a
              href="#capillary-acting-dressings"
            >
              Capillary-acting dressings
            </a>
          </li>
          <li>
            <a
              href="#hydrogel-dressings"
            >
              Hydrogel dressings
            </a>
          </li>
          <li>
            <a
              href="#vapour-permeable-films-and-membranes"
            >
              Vapour-permeable films and membranes
            </a>
          </li>
        </ol>
      </nav>
      <div>
        <p>
           Advanced wound dressings can be used for both acute and chronic wounds. Categories for dressings in this section start with the least absorptive, moisture-donating hydrogel dressings, followed by increasingly more absorptive dressings. 
        </p>
      </div>
      <ul
        aria-label="List of advanced wound dressings"
        class="childTaxonomyList"
      >
        <li>
          <h2
            id="capillary-acting-dressings"
          >
            Capillary-acting dressings
          </h2>
          <ul
            class="nestedTaxonomyList"
          >
            <li>
              <a
                href="/wound-management/advanced-wound-dressings/capillary-acting-dressings/"
              >
                Capillary-acting dressings
              </a>
            </li>
          </ul>
        </li>
        <li>
          <h2
            id="hydrogel-dressings"
          >
            Hydrogel dressings
          </h2>
          <div>
            <p>
               Hydrogel dressings are most commonly supplied as an amorphous, cohesive topical application that can take up the shape of a wound.
            </p>
          </div>
          <ul
            class="nestedTaxonomyList"
          >
            <li>
              <a
                href="/wound-management/advanced-wound-dressings/hydrogel-application-amorphous/"
              >
                Hydrogel application (amorphous)
              </a>
            </li>
            <li>
              <a
                href="/wound-management/advanced-wound-dressings/hydrogel-sheet-dressings/"
              >
                Hydrogel sheet dressings
              </a>
            </li>
            <li>
              <a
                href="/wound-management/advanced-wound-dressings/sodium-hyaluronate-dressings/"
              >
                Sodium hyaluronate dressings
              </a>
            </li>
          </ul>
        </li>
        <li>
          <h2
            id="vapour-permeable-films-and-membranes"
          >
            Vapour-permeable films and membranes
          </h2>
          <div>
            <p>
               Vapour-permeable films and membranes allow the passage of water vapour and oxygen but are impermeable to water and micro-organisms, and are suitable for lightly exuding wounds.
            </p>
          </div>
          <ul
            class="nestedTaxonomyList"
          >
            <li>
              <a
                href="/wound-management/advanced-wound-dressings/non-woven-fabric-dressing-with-viscose-rayon-pad/"
              >
                Non-woven fabric dressing with viscose-rayon pad
              </a>
            </li>
            <li>
              <a
                href="/wound-management/advanced-wound-dressings/vapour-permeable-adhesive-film-dressing-semi-permeable-adhesive-dressing/"
              >
                Vapour-permeable Adhesive Film Dressing (Semi-permeable Adhesive Dressing)
              </a>
            </li>
            <li>
              <a
                href="/wound-management/advanced-wound-dressings/vapour-permeable-transparent-film-dressing-with-adhesive-foam-border/"
              >
                Vapour–permeable transparent film dressing with adhesive foam border
              </a>
            </li>
            <li>
              <a
                href="/wound-management/advanced-wound-dressings/vapour-permeable-transparent-adhesive-film-dressing/"
              >
                Vapour–permeable transparent, adhesive film dressing.
              </a>
            </li>
          </ul>
        </li>
      </ul>
    </div>
  </div>
</div>
`;
