// Jest Snapshot v1, https://goo.gl/fbAQLP

exports[`DentalPractitionersFormularyPageProps should match snapshot for graphql query 1`] = `
"
	{
		bnfDentalPractitionersFormulary {
			title
			sections {
				...RecordSection
			}
		}
	}
"
`;

exports[`DentalPractitionersFormularyPageProps should match snapshot for page contents 1`] = `
<div>
  <nav
    aria-label="Breadcrumbs"
    role="navigation"
  >
    <ol
      class="breadcrumbs"
    >
      <li
        class="breadcrumbs__crumb"
      >
        <a
          href="https://www.nice.org.uk/"
        >
          NICE
        </a>
      </li>
      <li
        class="breadcrumbs__crumb"
      >
        <a
          href="/"
        >
          BNF
        </a>
      </li>
      <li
        class="breadcrumbs__crumb"
      >
        <span>
          Dental Practitioners’ Formulary
        </span>
      </li>
    </ol>
  </nav>
  <script
    type="application/ld+json"
  >
    {
  "@context": "http://schema.org",
  "@type": "BreadcrumbList",
  "itemListElement": [
    {
      "@type": "ListItem",
      "position": 1,
      "item": {
        "@id": "https://www.nice.org.uk/",
        "name": "NICE"
      }
    },
    {
      "@type": "ListItem",
      "position": 2,
      "item": {
        "@id": "/",
        "name": "BNF"
      }
    },
    {
      "@type": "ListItem",
      "position": 3,
      "item": {
        "name": "Dental Practitioners’ Formulary"
      }
    }
  ]
}
  </script>
  <div
    class="page-header"
    id="content-start"
  >
    <h1
      class="page-header__heading"
    >
      <span>
        Dental Practitioners’ Formulary
      </span>
    </h1>
  </div>
  <div
    class="grid grid--loose"
    data-testid="body"
  >
    <div
      data-g="12 md:12 lg:12"
    >
      <div
        class="grid grid--loose"
      >
        <div
          data-g="12 md:8 lg:9"
        >
          <nav
            aria-labelledby="navigate-to-section"
            class="nav"
          >
            <h2
              class="heading"
              id="navigate-to-section"
            >
              <span>
                Navigate to section
              </span>
            </h2>
            <ol
              aria-label="Jump links to sections on this page"
              class="linkList"
            >
              <li>
                <a
                  href="#list-of-dental-preparations"
                >
                  List of Dental Preparations
                </a>
              </li>
              <li>
                <a
                  href="#details-of-dpf-preparations"
                >
                  Details of DPF preparations
                </a>
              </li>
            </ol>
          </nav>
        </div>
        <div
          class="body"
          data-g="12 md:8 lg:9"
        >
          <section
            aria-labelledby="list-of-dental-preparations"
          >
            <h2
              class="firstHeading"
              id="list-of-dental-preparations"
            >
              List of Dental Preparations
            </h2>
            <div>
              <p>
                The following list has been approved by the appropriate Secretaries of State
              </p>
            </div>
          </section>
          <section
            aria-labelledby="details-of-dpf-preparations"
          >
            <h2
              id="details-of-dpf-preparations"
            >
              Details of DPF preparations
            </h2>
            <div>
              <p>
                Preparations on the List of Dental Preparations which are specified as DPF are described as follows in the DPF.
              </p>
            </div>
          </section>
        </div>
      </div>
    </div>
  </div>
</div>
`;
